1970-05-06 04:55:51,029 - mainui.py:209 - main - INFO - Namespace(logDir='/mnt/SDCARD/Saves/spruce', pyUiConfig='/mnt/SDCARD/App/PyUI/py-ui-config.json', device='MIYOO_MINI_PLUS', cfwConfig='/mnt/SDCARD/Saves/spruce/spruce-config.json', msgDisplay=None, msgDisplayTimeMs=None, msgDisplayRealtime=None, msgDisplayRealtimePort='50980', optionListFile=None, optionListTitle=None, buttonListenerMode=None, startupInitOnly=None)
1970-05-06 04:55:51,046 - time_logger.py:11 - log_timing - INFO - Config initialization completed in 0.015s
1970-05-06 04:55:51,583 - time_logger.py:11 - log_timing - INFO - Device initialization completed in 0.535s
1970-05-06 04:55:51,629 - time_logger.py:11 - log_timing - INFO - Theme initialization completed in 0.042s
1970-05-06 04:55:51,648 - time_logger.py:11 - log_timing - INFO - sdl2.ext.init completed in 0.017s
1970-05-06 04:55:51,650 - time_logger.py:11 - log_timing - INFO - sdl2.SDL_DisplayMode completed in 0.000s
1970-05-06 04:55:51,651 - time_logger.py:11 - log_timing - INFO - sdl2.ext.Window completed in 0.000s
1970-05-06 04:55:51,654 - time_logger.py:11 - log_timing - INFO - sdl2.ext.Renderer completed in 0.001s
1970-05-06 04:55:51,764 - time_logger.py:11 - log_timing - INFO - sdl2.sdlttf.TTF_Init() completed in 0.106s
1970-05-06 04:55:51,766 - time_logger.py:11 - log_timing - INFO - sdl2 create render canvas completed in 0.000s
1970-05-06 04:55:51,767 - time_logger.py:11 - log_timing - INFO - sdl2.SDL_SetRenderTarget completed in 0.000s
1970-05-06 04:55:51,769 - time_logger.py:11 - log_timing - INFO - sdl2.SDL_SetRenderDrawBlendMode completed in 0.000s
1970-05-06 04:55:53,088 - time_logger.py:11 - log_timing - INFO - sdl2.ext.init completed in 0.012s
1970-05-06 04:55:53,089 - time_logger.py:11 - log_timing - INFO - sdl2.SDL_DisplayMode completed in 0.000s
1970-05-06 04:55:53,091 - time_logger.py:11 - log_timing - INFO - sdl2.ext.Window completed in 0.000s
1970-05-06 04:55:53,094 - time_logger.py:11 - log_timing - INFO - sdl2.ext.Renderer completed in 0.001s
1970-05-06 04:55:53,428 - time_logger.py:11 - log_timing - INFO - restore_bg completed in 0.000s
1970-05-06 04:55:53,435 - time_logger.py:11 - log_timing - INFO - clear completed in 0.005s
1970-05-06 04:55:53,437 - time_logger.py:11 - log_timing - INFO - Display initialization completed in 1.806s
1970-05-06 04:55:53,445 - time_logger.py:11 - log_timing - INFO - Display Present completed in 0.007s
1970-05-06 04:55:53,467 - theme_patcher.py:87 - patch_theme - DEBUG - Theme background size: 640x480, Target size: 640x480
1970-05-06 04:55:53,519 - realtime_message_network_listener.py:39 - start - INFO - Starting RealtimeMessageNetworkListener on port 50980...
1970-05-06 04:55:53,520 - realtime_message_network_listener.py:46 - start - INFO - Listening for connections on 0.0.0.0:50980
1970-05-06 04:55:53,522 - realtime_message_network_listener.py:30 - _write_to_file - INFO - Writing Listening on port 50980 to /mnt/SDCARD/App/PyUI/realtime_message_network_listener.txt
1970-05-06 04:55:54,007 - realtime_message_network_listener.py:73 - _handle_client - INFO - Client connected from ('127.0.0.1', 35868)
1970-05-06 04:55:54,009 - realtime_message_network_listener.py:97 - _enqueue_message - INFO - Received Raw Message: {"cmd":"IMAGE_AND_TEXT","args":["/mnt/SDCARD/spruce/imgs/save.png","Saving and shutting down... Please wait a moment.","33","10","60"]}
1970-05-06 04:55:54,011 - realtime_message_network_listener.py:93 - _handle_client - INFO - Client ('127.0.0.1', 35868) disconnected
1970-05-06 04:55:54,217 - realtime_message_network_listener.py:138 - _handle_ui_message - INFO - Parsed cmd=IMAGE_AND_TEXT, args=['/mnt/SDCARD/spruce/imgs/save.png', 'Saving and shutting down... Please wait a moment.', '33', '10', '60']
1970-05-06 04:55:54,219 - realtime_message_network_listener.py:180 - _handle_ui_message - INFO - Rendering image from path: /mnt/SDCARD/spruce/imgs/save.png with text: Saving and shutting down... Please wait a moment.
1970-05-06 04:55:56,675 - realtime_message_network_listener.py:73 - _handle_client - INFO - Client connected from ('127.0.0.1', 35870)
1970-05-06 04:55:56,687 - realtime_message_network_listener.py:97 - _enqueue_message - INFO - Received Raw Message: {"cmd":"EXIT_APP","args":[]}
1970-05-06 04:55:56,689 - realtime_message_network_listener.py:93 - _handle_client - INFO - Client ('127.0.0.1', 35870) disconnected
1970-05-06 04:55:56,877 - realtime_message_network_listener.py:138 - _handle_ui_message - INFO - Parsed cmd=EXIT_APP, args=[]
1970-05-06 04:55:56,880 - realtime_message_network_listener.py:150 - _handle_ui_message - INFO - Received EXIT_APP command, shutting down...
1970-05-06 04:55:57,087 - realtime_message_network_listener.py:248 - stop - INFO - RealtimeMessageNetworkListener shutting down
1970-05-06 04:55:57,088 - time_logger.py:11 - log_timing - INFO - Entire Startup initialization completed in 6.057s
