1970-05-06 04:56:16,553 - mainui.py:209 - main - INFO - Namespace(logDir='/mnt/SDCARD/Saves/spruce', pyUiConfig='/mnt/SDCARD/App/PyUI/py-ui-config.json', device='MIYOO_MINI_PLUS', cfwConfig='/mnt/SDCARD/Saves/spruce/spruce-config.json', msgDisplay=None, msgDisplayTimeMs=None, msgDisplayRealtime=None, msgDisplayRealtimePort='50980', optionListFile=None, optionListTitle=None, buttonListenerMode=None, startupInitOnly=None)
1970-05-06 04:56:16,560 - time_logger.py:11 - log_timing - INFO - Config initialization completed in 0.004s
1970-05-06 04:56:16,660 - time_logger.py:11 - log_timing - INFO - Device initialization completed in 0.099s
1970-05-06 04:56:16,672 - time_logger.py:11 - log_timing - INFO - Theme initialization completed in 0.009s
1970-05-06 04:56:16,695 - time_logger.py:11 - log_timing - INFO - sdl2.ext.init completed in 0.022s
1970-05-06 04:56:16,696 - time_logger.py:11 - log_timing - INFO - sdl2.SDL_DisplayMode completed in 0.000s
1970-05-06 04:56:16,698 - time_logger.py:11 - log_timing - INFO - sdl2.ext.Window completed in 0.000s
1970-05-06 04:56:16,700 - time_logger.py:11 - log_timing - INFO - sdl2.ext.Renderer completed in 0.001s
1970-05-06 04:56:16,844 - time_logger.py:11 - log_timing - INFO - sdl2.sdlttf.TTF_Init() completed in 0.142s
1970-05-06 04:56:16,845 - time_logger.py:11 - log_timing - INFO - sdl2 create render canvas completed in 0.000s
1970-05-06 04:56:16,846 - time_logger.py:11 - log_timing - INFO - sdl2.SDL_SetRenderTarget completed in 0.000s
1970-05-06 04:56:16,847 - time_logger.py:11 - log_timing - INFO - sdl2.SDL_SetRenderDrawBlendMode completed in 0.000s
1970-05-06 04:56:17,159 - time_logger.py:11 - log_timing - INFO - sdl2.ext.init completed in 0.010s
1970-05-06 04:56:17,160 - time_logger.py:11 - log_timing - INFO - sdl2.SDL_DisplayMode completed in 0.000s
1970-05-06 04:56:17,162 - time_logger.py:11 - log_timing - INFO - sdl2.ext.Window completed in 0.000s
1970-05-06 04:56:17,163 - time_logger.py:11 - log_timing - INFO - sdl2.ext.Renderer completed in 0.001s
1970-05-06 04:56:17,307 - time_logger.py:11 - log_timing - INFO - restore_bg completed in 0.000s
1970-05-06 04:56:17,312 - time_logger.py:11 - log_timing - INFO - clear completed in 0.004s
1970-05-06 04:56:17,313 - time_logger.py:11 - log_timing - INFO - Display initialization completed in 0.641s
1970-05-06 04:56:17,321 - time_logger.py:11 - log_timing - INFO - Display Present completed in 0.007s
1970-05-06 04:56:17,335 - theme_patcher.py:87 - patch_theme - DEBUG - Theme background size: 640x480, Target size: 640x480
1970-05-06 04:56:17,348 - realtime_message_network_listener.py:39 - start - INFO - Starting RealtimeMessageNetworkListener on port 50980...
1970-05-06 04:56:17,349 - realtime_message_network_listener.py:46 - start - INFO - Listening for connections on 0.0.0.0:50980
1970-05-06 04:56:17,351 - realtime_message_network_listener.py:30 - _write_to_file - INFO - Writing Listening on port 50980 to /mnt/SDCARD/App/PyUI/realtime_message_network_listener.txt
1970-05-06 04:56:17,667 - realtime_message_network_listener.py:73 - _handle_client - INFO - Client connected from ('127.0.0.1', 55540)
1970-05-06 04:56:17,669 - realtime_message_network_listener.py:97 - _enqueue_message - INFO - Received Raw Message: {"cmd":"IMAGE_AND_TEXT","args":["/mnt/SDCARD/spruce/imgs/iconfresh.png","xmb archive detected. Unpacking..........","35","25","75"]}
1970-05-06 04:56:17,671 - realtime_message_network_listener.py:93 - _handle_client - INFO - Client ('127.0.0.1', 55540) disconnected
1970-05-06 04:56:17,877 - realtime_message_network_listener.py:138 - _handle_ui_message - INFO - Parsed cmd=IMAGE_AND_TEXT, args=['/mnt/SDCARD/spruce/imgs/iconfresh.png', 'xmb archive detected. Unpacking..........', '35', '25', '75']
1970-05-06 04:56:17,878 - realtime_message_network_listener.py:180 - _handle_ui_message - INFO - Rendering image from path: /mnt/SDCARD/spruce/imgs/iconfresh.png with text: xmb archive detected. Unpacking..........
